{
  "generated_at": "2026-07-22T09:48:12Z",
  "plugins_used": [
    {
      "name": "ArtifactoryDetector"
    },
    {
      "name": "AWSKeyDetector"
    },
    {
      "name": "AzureStorageKeyDetector"
    },
    {
      "name": "Base64HighEntropyString",
      "limit": 4.5
    },
    {
      "name": "BasicAuthDetector"
    },
    {
      "name": "CloudantDetector"
    },
    {
      "name": "DiscordBotTokenDetector"
    },
    {
      "name": "GitHubTokenDetector"
    },
    {
      "name": "GitLabTokenDetector"
    },
    {
      "name": "HexHighEntropyString",
      "limit": 3.0
    },
    {
      "name": "IbmCloudIamDetector"
    },
    {
      "name": "IbmCosHmacDetector"
    },
    {
      "name": "IPPublicDetector"
    },
    {
      "name": "JwtTokenDetector"
    },
    {
      "name": "KeywordDetector",
      "keyword_exclude": ""
    },
    {
      "name": "MailchimpDetector"
    },
    {
      "name": "NpmDetector"
    },
    {
      "name": "OpenAIDetector"
    },
    {
      "name": "PrivateKeyDetector"
    },
    {
      "name": "PypiTokenDetector"
    },
    {
      "name": "SendGridDetector"
    },
    {
      "name": "SlackDetector"
    },
    {
      "name": "SoftlayerDetector"
    },
    {
      "name": "SquareOAuthDetector"
    },
    {
      "name": "StripeDetector"
    },
    {
      "name": "TelegramBotTokenDetector"
    },
    {
      "name": "TwilioKeyDetector"
    }
  ],
  "results": {
    "src/shiori/config.py": [
      {
        "type": "Basic Auth Credentials",
        "filename": "src/shiori/config.py",
        "hashed_secret": "f758b0b8b86303210695bf561763bf1d3aadfbb5",
        "is_verified": false,
        "line_number": 69
      }
    ],
    "tests/test_github_sync.py": [
      {
        "type": "Basic Auth Credentials",
        "filename": "tests/test_github_sync.py",
        "hashed_secret": "5605421f111818f4981b410d625b83584eca0ee0",
        "is_verified": false,
        "line_number": 329
      },
      {
        "type": "Basic Auth Credentials",
        "filename": "tests/test_github_sync.py",
        "hashed_secret": "79bead8e6d65862a00cffaa12ccde1189ec34d29",
        "is_verified": false,
        "line_number": 350
      },
      {
        "type": "Hex High Entropy String",
        "filename": "tests/test_github_sync.py",
        "hashed_secret": "ddac9d88c224b59388ab6552b5531130c71e0264",
        "is_verified": false,
        "line_number": 372
      }
    ]
  }
}
